apiVersion: rbac.authorization.k8s.io/v1
kind: ClusterRole
metadata:
  labels:
    app.kubernetes.io/instance: grafana-helm
    app.kubernetes.io/name: grafana
    app.kubernetes.io/version: 11.4.0
    helm.sh/chart: grafana-8.8.3
  name: grafana-helm-clusterrole
rules: []
