apiVersion: rbac.authorization.k8s.io/v1
kind: ClusterRoleBinding
metadata:
  labels:
    app.kubernetes.io/instance: grafana-helm
    app.kubernetes.io/managed-by: Helm
    app.kubernetes.io/name: grafana
    app.kubernetes.io/version: 9.5.5
    helm.sh/chart: grafana-6.57.4
  name: grafana-helm-clusterrolebinding
roleRef:
  apiGroup: rbac.authorization.k8s.io
  kind: ClusterRole
  name: grafana-helm-clusterrole
subjects:
  - kind: ServiceAccount
    name: grafana-helm
    namespace: syn-grafana
