apiVersion: v1
data:
  grafana.ini: |
    [analytics]
    check_for_updates = true
    [grafana_net]
    url = https://grafana.net
    [log]
    mode = console
    [paths]
    data = /var/lib/grafana/
    logs = /var/log/grafana
    plugins = /var/lib/grafana/plugins
    provisioning = /etc/grafana/provisioning
    [server]
    domain = ''
kind: ConfigMap
metadata:
  labels:
    app.kubernetes.io/instance: grafana-helm
    app.kubernetes.io/managed-by: Helm
    app.kubernetes.io/name: grafana
    app.kubernetes.io/version: 9.5.3
    helm.sh/chart: grafana-6.57.2
  name: grafana-helm
  namespace: syn-grafana
