apiVersion: rbac.authorization.k8s.io/v1
kind: Role
metadata:
  labels:
    app.kubernetes.io/instance: grafana-helm
    app.kubernetes.io/managed-by: Helm
    app.kubernetes.io/name: grafana
    app.kubernetes.io/version: 11.1.5
    helm.sh/chart: grafana-8.4.9
  name: grafana-helm
  namespace: syn-grafana
rules: []
