apiVersion: rbac.authorization.k8s.io/v1
kind: RoleBinding
metadata:
  labels:
    app.kubernetes.io/instance: grafana-helm
    app.kubernetes.io/name: grafana
    app.kubernetes.io/version: 12.0.2
    helm.sh/chart: grafana-9.2.8
  name: grafana-helm
  namespace: syn-grafana
roleRef:
  apiGroup: rbac.authorization.k8s.io
  kind: Role
  name: grafana-helm
subjects:
  - kind: ServiceAccount
    name: grafana-helm
    namespace: syn-grafana
