apiVersion: v1
data:
  admin-password: c3Ryb25ncGFzc3dvcmQ=
  admin-user: YWRtaW4=
  ldap-toml: ''
kind: Secret
metadata:
  labels:
    app.kubernetes.io/instance: grafana-helm
    app.kubernetes.io/managed-by: Helm
    app.kubernetes.io/name: grafana
    app.kubernetes.io/version: 7.3.5
    helm.sh/chart: grafana-6.1.16
  name: grafana-helm
  namespace: syn-grafana
type: Opaque
