apiVersion: v1
kind: ServiceAccount
metadata:
  labels:
    app.kubernetes.io/instance: grafana-helm
    app.kubernetes.io/managed-by: Helm
    app.kubernetes.io/name: grafana
    app.kubernetes.io/version: 9.5.5
    helm.sh/chart: grafana-6.57.4
  name: grafana-helm
  namespace: syn-grafana
