apiVersion: v1
kind: Service
metadata:
  labels:
    app.kubernetes.io/instance: grafana-helm
    app.kubernetes.io/managed-by: Helm
    app.kubernetes.io/name: grafana
    app.kubernetes.io/version: 9.4.7
    helm.sh/chart: grafana-6.54.0
  name: grafana-helm
  namespace: syn-grafana
spec:
  ports:
    - name: service
      port: 80
      protocol: TCP
      targetPort: 3000
  selector:
    app.kubernetes.io/instance: grafana-helm
    app.kubernetes.io/name: grafana
  type: ClusterIP
