apiVersion: v1
data: {}
kind: Secret
metadata:
  annotations: {}
  labels:
    name: grafana-admin-user
  name: grafana-admin-user
  namespace: syn-grafana
stringData:
  admin-password: password
  admin-user: admin
type: Opaque
